PyTorch version: 2.4.1+cu124
CUDA version: 12.4
NCCL version: (2, 20, 5)
CUDA available: True
Number of available GPUs: 2
Rank 0: started on cuda:0
Rank 1: started on cuda:1
Rank 1: before warmup all_reduce = tensor([2., 2., 2., 2., 2., 2., 2., 2., 2., 2.], device='cuda:1')
Rank 0: before warmup all_reduce = tensor([1., 1., 1., 1., 1., 1., 1., 1., 1., 1.], device='cuda:0')
NCCL version 2.20.5+cuda12.4
Rank 1: after warmup all_reduce = tensor([3., 3., 3., 3., 3., 3., 3., 3., 3., 3.], device='cuda:1')
Rank 0: after warmup all_reduce = tensor([3., 3., 3., 3., 3., 3., 3., 3., 3., 3.], device='cuda:0')
Rank 0: ==== Iteration 1/20 ====
Rank 0: injecting delay of 12 seconds
Rank 1: ==== Iteration 1/20 ====
Rank 1: before all_reduce iter 0 = tensor([2., 2., 2., 2., 2., 2., 2., 2., 2., 2.], device='cuda:1')
Rank 0: before all_reduce iter 0 = tensor([1., 1., 1., 1., 1., 1., 1., 1., 1., 1.], device='cuda:0')
Rank 1: after all_reduce iter 0 = tensor([3., 3., 3., 3., 3., 3., 3., 3., 3., 3.], device='cuda:1')
Rank 0: after all_reduce iter 0 = tensor([3., 3., 3., 3., 3., 3., 3., 3., 3., 3.], device='cuda:0')
Rank 0: ==== Iteration 2/20 ====
Rank 0: injecting delay of 12 seconds
Rank 1: ==== Iteration 2/20 ====
Rank 1: before all_reduce iter 1 = tensor([3., 3., 3., 3., 3., 3., 3., 3., 3., 3.], device='cuda:1')
Rank 0: before all_reduce iter 1 = tensor([2., 2., 2., 2., 2., 2., 2., 2., 2., 2.], device='cuda:0')
Rank 1: after all_reduce iter 1 = tensor([5., 5., 5., 5., 5., 5., 5., 5., 5., 5.], device='cuda:1')
Rank 0: after all_reduce iter 1 = tensor([5., 5., 5., 5., 5., 5., 5., 5., 5., 5.], device='cuda:0')
Rank 0: ==== Iteration 3/20 ====
Rank 0: injecting delay of 12 seconds
Rank 1: ==== Iteration 3/20 ====
Rank 1: before all_reduce iter 2 = tensor([4., 4., 4., 4., 4., 4., 4., 4., 4., 4.], device='cuda:1')
Rank 0: before all_reduce iter 2 = tensor([3., 3., 3., 3., 3., 3., 3., 3., 3., 3.], device='cuda:0')
Rank 1: after all_reduce iter 2 = tensor([7., 7., 7., 7., 7., 7., 7., 7., 7., 7.], device='cuda:1')
Rank 0: after all_reduce iter 2 = tensor([7., 7., 7., 7., 7., 7., 7., 7., 7., 7.], device='cuda:0')
Rank 0: ==== Iteration 4/20 ====
Rank 0: injecting delay of 12 seconds
Rank 1: ==== Iteration 4/20 ====
Rank 1: before all_reduce iter 3 = tensor([5., 5., 5., 5., 5., 5., 5., 5., 5., 5.], device='cuda:1')
Rank 0: before all_reduce iter 3 = tensor([4., 4., 4., 4., 4., 4., 4., 4., 4., 4.], device='cuda:0')
Rank 1: after all_reduce iter 3 = tensor([9., 9., 9., 9., 9., 9., 9., 9., 9., 9.], device='cuda:1')
Rank 0: after all_reduce iter 3 = tensor([9., 9., 9., 9., 9., 9., 9., 9., 9., 9.], device='cuda:0')
Rank 1: ==== Iteration 5/20 ====
Rank 1: before all_reduce iter 4 = tensor([6., 6., 6., 6., 6., 6., 6., 6., 6., 6.], device='cuda:1')
Rank 0: ==== Iteration 5/20 ====
Rank 0: injecting delay of 12 seconds
Rank 0: before all_reduce iter 4 = tensor([5., 5., 5., 5., 5., 5., 5., 5., 5., 5.], device='cuda:0')
Rank 1: after all_reduce iter 4 = tensor([11., 11., 11., 11., 11., 11., 11., 11., 11., 11.], device='cuda:1')
Rank 0: after all_reduce iter 4 = tensor([11., 11., 11., 11., 11., 11., 11., 11., 11., 11.], device='cuda:0')
Rank 1: ==== Iteration 6/20 ====
Rank 1: before all_reduce iter 5 = tensor([7., 7., 7., 7., 7., 7., 7., 7., 7., 7.], device='cuda:1')
Rank 0: ==== Iteration 6/20 ====
Rank 0: injecting delay of 12 seconds
Rank 0: before all_reduce iter 5 = tensor([6., 6., 6., 6., 6., 6., 6., 6., 6., 6.], device='cuda:0')
Rank 1: after all_reduce iter 5 = tensor([13., 13., 13., 13., 13., 13., 13., 13., 13., 13.], device='cuda:1')
Rank 0: after all_reduce iter 5 = tensor([13., 13., 13., 13., 13., 13., 13., 13., 13., 13.], device='cuda:0')
Rank 0: ==== Iteration 7/20 ====
Rank 0: injecting delay of 12 seconds
Rank 1: ==== Iteration 7/20 ====
Rank 1: before all_reduce iter 6 = tensor([8., 8., 8., 8., 8., 8., 8., 8., 8., 8.], device='cuda:1')
Rank 0: before all_reduce iter 6 = tensor([7., 7., 7., 7., 7., 7., 7., 7., 7., 7.], device='cuda:0')
Rank 1: after all_reduce iter 6 = tensor([15., 15., 15., 15., 15., 15., 15., 15., 15., 15.], device='cuda:1')
Rank 0: after all_reduce iter 6 = tensor([15., 15., 15., 15., 15., 15., 15., 15., 15., 15.], device='cuda:0')
Rank 0: ==== Iteration 8/20 ====
Rank 0: injecting delay of 12 seconds
Rank 1: ==== Iteration 8/20 ====
Rank 1: before all_reduce iter 7 = tensor([9., 9., 9., 9., 9., 9., 9., 9., 9., 9.], device='cuda:1')
Rank 0: before all_reduce iter 7 = tensor([8., 8., 8., 8., 8., 8., 8., 8., 8., 8.], device='cuda:0')
Rank 1: after all_reduce iter 7 = tensor([17., 17., 17., 17., 17., 17., 17., 17., 17., 17.], device='cuda:1')
Rank 0: after all_reduce iter 7 = tensor([17., 17., 17., 17., 17., 17., 17., 17., 17., 17.], device='cuda:0')
Rank 1: ==== Iteration 9/20 ====
Rank 1: before all_reduce iter 8 = tensor([10., 10., 10., 10., 10., 10., 10., 10., 10., 10.], device='cuda:1')
Rank 0: ==== Iteration 9/20 ====
Rank 0: injecting delay of 12 seconds
Global timeout reached, terminating all processes.
Run timed out after 120s — processes terminated cleanly.
Total elapsed time: 120.21 seconds
